// Jest Snapshot v1, https://goo.gl/fbAQLP

exports[`Anchor test Nothing changes when clicked 1`] = `
.c0 {
  font-size: 1rem;
  color: #fefefe;
  background: #f39c12;
  width: 120px;
  height: 32px;
  padding: 4px 0.5rem;
  display: -webkit-inline-box;
  display: -webkit-inline-flex;
  display: -ms-inline-flexbox;
  display: inline-flex;
  -webkit-align-items: center;
  -webkit-box-align: center;
  -ms-flex-align: center;
  align-items: center;
  -webkit-box-pack: center;
  -webkit-justify-content: center;
  -ms-flex-pack: center;
  justify-content: center;
  -webkit-align-items: center;
  -webkit-box-align: center;
  -ms-flex-align: center;
  align-items: center;
  border: none;
  border-radius: 8px;
  text-align: center;
  -webkit-text-decoration: none;
  text-decoration: none;
  cursor: pointer;
  white-space: nowrap;
}

.c0:hover {
  opacity: 0.8;
  -webkit-transition: 0.4s;
  transition: 0.4s;
}

@media screen and (max-width:768px) {
  .c0 {
    font-size: 14px;
  }
}

@media screen and (max-width:320px) {
  .c0 {
    font-size: 12px;
  }
}

<a
  className="c0"
  color="MAIN"
  height={32}
  href="#"
  size={1}
  width="120px"
>
  nino-ui
</a>
`;
